[0m[1;31m# `android.archs` not detected, instead `android.arch` is present.[0m
[0m[1;31m# `android.arch` will be removed and ignored in future.[0m
[0m[1;31m# If you're seeing this error, please migrate to `android.archs`.[0m
[0m[1;34m# Ensure build layout[0m
[0m[1;30m# Create directory /home/runner/work/youtube_podcasts/youtube_podcasts/app/bin[0m
[0m[1;34m# Check configuration tokens[0m
[0m[1;34m# Preparing build[0m
[0m[1;34m# Check requirements for android[0m
[0m[1;30m# Search for Git (git)[0m
[0m[1;30m#  -> found at /usr/bin/git[0m
[0m[1;30m# Search for Cython (cython)[0m
[0m[1;30m#  -> found at /opt/hostedtoolcache/Python/3.11.15/x64/bin/cython[0m
[0m[1;30m# Search for Java compiler (javac)[0m
[0m[1;30m#  -> found at /opt/hostedtoolcache/Java_Temurin-Hotspot_jdk/17.0.19-10/x64/bin/javac[0m
[0m[1;30m# Search for Java keytool (keytool)[0m
[0m[1;30m#  -> found at /opt/hostedtoolcache/Java_Temurin-Hotspot_jdk/17.0.19-10/x64/bin/keytool[0m
[0m[1;34m# Install platform[0m
[0m[1;30m# Run 'git config --get remote.origin.url' ...[0m
[0m[1;30m# Cwd /home/runner/work/youtube_podcasts/youtube_podcasts/app/.buildozer/android/platform/python-for-android[0m
https://github.com/kivy/python-for-android.git
[0m[1;30m# Run 'git branch -vv' ...[0m
[0m[1;30m# Cwd /home/runner/work/youtube_podcasts/youtube_podcasts/app/.buildozer/android/platform/python-for-android[0m
* master 58d21141 [origin/master] Merge pull request #3321 from kivy/release-2026.05.09
[WARNING]: prerequisites.py is experimental and does not support all prerequisites yet.
[WARNING]: Please report any issues to the python-for-android issue tracker.
[WARNING]: prerequisites.py is experimental and does not support all prerequisites yet.
[WARNING]: Please report any issues to the python-for-android issue tracker.
[1m[INFO][0m:    Recipe kivy: version "2.3.1" requested
[1m[INFO][0m:    Recipe kivymd: version "1.2.0" requested
[1m[INFO][0m:    Will compile for the following archs: arm64-v8a
[1m[INFO][0m:    Found Android API target in $ANDROIDAPI: 34
[1m[INFO][0m:    Available Android APIs are (34)
[1m[INFO][0m:    Requested API target 34 is available, continuing.
[1m[INFO][0m:    Found NDK dir in $ANDROIDNDK: /home/runner/.buildozer/android/platform/android-ndk-r25b
[1m[INFO][0m:    Found NDK version 25b
[1m[INFO][0m:    Getting NDK API version (i.e. minimum supported API) from user argument
[1m[90m[DEBUG][39m[0m:   All possible dists: [<Distribution: name ytpodcasts with recipes (hostpython3, libffi, openssl, sdl2_image, sdl2_mixer, sdl2_ttf, sqlite3, python3, sdl2, pyjnius, setuptools, android, kivy, idna, urllib3, certifi, requests, filetype, chardet, kivymd, six)>]
[1m[90m[DEBUG][39m[0m:   Dist matching name and arch: [<Distribution: name ytpodcasts with recipes (hostpython3, libffi, openssl, sdl2_image, sdl2_mixer, sdl2_ttf, sqlite3, python3, sdl2, pyjnius, setuptools, android, kivy, idna, urllib3, certifi, requests, filetype, chardet, kivymd, six)>]
[1m[90m[DEBUG][39m[0m:   Dist matching ndk_api and recipe: [<Distribution: name ytpodcasts with recipes (hostpython3, libffi, openssl, sdl2_image, sdl2_mixer, sdl2_ttf, sqlite3, python3, sdl2, pyjnius, setuptools, android, kivy, idna, urllib3, certifi, requests, filetype, chardet, kivymd, six)>]
[1m[INFO][0m:    Of the existing distributions, the following meet the given requirements:
[1m[INFO][0m:    	[32m[1mytpodcasts[0m: min API 26, includes recipes ([32mhostpython3, libffi, openssl, sdl2_image, sdl2_mixer, sdl2_ttf, sqlite3, python3, sdl2, pyjnius, setuptools, android, kivy, idna, urllib3, certifi, requests, filetype, chardet, kivymd, six[0m), built for archs ([34marm64-v8a[0m)
[1m[INFO][0m:    [1m[94mytpodcasts has compatible recipes, using this one[0m
[WARNING]: prerequisites.py is experimental and does not support all prerequisites yet.
[WARNING]: Please report any issues to the python-for-android issue tracker.
[WARNING]: prerequisites.py is experimental and does not support all prerequisites yet.
[WARNING]: Please report any issues to the python-for-android issue tracker.
[1m[INFO][0m:    Will compile for the following archs: arm64-v8a
[1m[INFO][0m:    Found Android API target in $ANDROIDAPI: 34
[1m[INFO][0m:    Available Android APIs are (34)
[1m[INFO][0m:    Requested API target 34 is available, continuing.
[1m[INFO][0m:    Found NDK dir in $ANDROIDNDK: /home/runner/.buildozer/android/platform/android-ndk-r25b
[1m[INFO][0m:    Found NDK version 25b
[1m[INFO][0m:    Getting NDK API version (i.e. minimum supported API) from user argument
[1m[90m[DEBUG][39m[0m:   All possible dists: [<Distribution: name ytpodcasts with recipes (hostpython3, libffi, openssl, sdl2_image, sdl2_mixer, sdl2_ttf, sqlite3, python3, sdl2, pyjnius, setuptools, android, kivy, idna, urllib3, certifi, requests, filetype, chardet, kivymd, six)>]
[1m[90m[DEBUG][39m[0m:   Dist matching name and arch: [<Distribution: name ytpodcasts with recipes (hostpython3, libffi, openssl, sdl2_image, sdl2_mixer, sdl2_ttf, sqlite3, python3, sdl2, pyjnius, setuptools, android, kivy, idna, urllib3, certifi, requests, filetype, chardet, kivymd, six)>]
[1m[90m[DEBUG][39m[0m:   Dist matching ndk_api and recipe: [<Distribution: name ytpodcasts with recipes (hostpython3, libffi, openssl, sdl2_image, sdl2_mixer, sdl2_ttf, sqlite3, python3, sdl2, pyjnius, setuptools, android, kivy, idna, urllib3, certifi, requests, filetype, chardet, kivymd, six)>]
[1m[INFO][0m:    Of the existing distributions, the following meet the given requirements:
[1m[INFO][0m:    	[32m[1mytpodcasts[0m: min API 26, includes recipes ([32mhostpython3, libffi, openssl, sdl2_image, sdl2_mixer, sdl2_ttf, sqlite3, python3, sdl2, pyjnius, setuptools, android, kivy, idna, urllib3, certifi, requests, filetype, chardet, kivymd, six[0m), built for archs ([34marm64-v8a[0m)
[1m[INFO][0m:    [1m[94mytpodcasts has compatible recipes, using this one[0m
[1m[90m[DEBUG][39m[0m:   All possible dists: [<Distribution: name ytpodcasts with recipes (hostpython3, libffi, openssl, sdl2_image, sdl2_mixer, sdl2_ttf, sqlite3, python3, sdl2, pyjnius, setuptools, android, kivy, idna, urllib3, certifi, requests, filetype, chardet, kivymd, six)>]
[1m[90m[DEBUG][39m[0m:   Dist matching name and arch: [<Distribution: name ytpodcasts with recipes (hostpython3, libffi, openssl, sdl2_image, sdl2_mixer, sdl2_ttf, sqlite3, python3, sdl2, pyjnius, setuptools, android, kivy, idna, urllib3, certifi, requests, filetype, chardet, kivymd, six)>]
[1m[90m[DEBUG][39m[0m:   Dist matching ndk_api and recipe: [<Distribution: name ytpodcasts with recipes (hostpython3, libffi, openssl, sdl2_image, sdl2_mixer, sdl2_ttf, sqlite3, python3, sdl2, pyjnius, setuptools, android, kivy, idna, urllib3, certifi, requests, filetype, chardet, kivymd, six)>]
[1m[INFO][0m:    Of the existing distributions, the following meet the given requirements:
[1m[INFO][0m:    	[32m[1mytpodcasts[0m: min API 26, includes recipes ([32mhostpython3, libffi, openssl, sdl2_image, sdl2_mixer, sdl2_ttf, sqlite3, python3, sdl2, pyjnius, setuptools, android, kivy, idna, urllib3, certifi, requests, filetype, chardet, kivymd, six[0m), built for archs ([34marm64-v8a[0m)
[1m[INFO][0m:    [1m[94mytpodcasts has compatible recipes, using this one[0m
[1m[INFO][0m:    [36m-> directory context /home/runner/work/youtube_podcasts/youtube_podcasts/app/.buildozer/android/platform/build-arm64-v8a/build/bootstrap_builds/sdl2[39m
[1m[INFO][0m:    [36m<- directory context /home/runner/work/youtube_podcasts/youtube_podcasts/app/.buildozer/android/platform/python-for-android[39m
[1m[INFO][0m:    [36m-> directory context /home/runner/work/youtube_podcasts/youtube_podcasts/app/.buildozer/android/platform/build-arm64-v8a/dists/ytpodcasts[39m
[1m[90m[DEBUG][39m[0m:   Remove directory and subdirectory src/main/assets
[1m[90m[DEBUG][39m[0m:   Create directory src/main/assets
[0m[1;30m# Run '/opt/hostedtoolcache/Python/3.11.15/x64/bin/python -m pip install -q --user appdirs colorama>=0.3.3 jinja2 sh>=2, <3.0; sys_platform!="win32" meson ninja build toml packaging setuptools wheel~=0.43.0' ...[0m
[0m[1;30m# Cwd None[0m
[0m[1;34m# Apache ANT found at /home/runner/.buildozer/android/platform/apache-ant-1.9.4[0m
[0m[1;34m# Android SDK found at /home/runner/.buildozer/android/platform/android-sdk[0m
[0m[1;34m# Recommended android's NDK version by p4a is: 28c[0m
[0m[1;34m# Android NDK found at /home/runner/.buildozer/android/platform/android-ndk-r25b[0m
[0m[1;30m# Run '/opt/hostedtoolcache/Python/3.11.15/x64/bin/python -m pythonforandroid.toolchain aab -h --color=always --storage-dir=/home/runner/work/youtube_podcasts/youtube_podcasts/app/.buildozer/android/platform/build-arm64-v8a --ndk-api=26 --ignore-setup-py --debug' ...[0m
[0m[1;30m# Cwd /home/runner/work/youtube_podcasts/youtube_podcasts/app/.buildozer/android/platform/python-for-android[0m
[0m[1;34m# Check application requirements[0m
[0m[1;34m# Compile platform[0m
[0m[1;30m# Run '/opt/hostedtoolcache/Python/3.11.15/x64/bin/python -m pythonforandroid.toolchain create --dist_name=ytpodcasts --bootstrap=sdl2 --requirements=python3,kivy==2.3.1,kivymd==1.2.0,certifi,pyjnius --arch=arm64-v8a --copy-libs --color=always --storage-dir=/home/runner/work/youtube_podcasts/youtube_podcasts/app/.buildozer/android/platform/build-arm64-v8a --ndk-api=26 --ignore-setup-py --debug' ...[0m
[0m[1;30m# Cwd /home/runner/work/youtube_podcasts/youtube_podcasts/app/.buildozer/android/platform/python-for-android[0m
[0m[1;34m# Build the application #2[0m
[0m[1;30m# Copy application source from /home/runner/work/youtube_podcasts/youtube_podcasts/app[0m
[0m[1;30m# Remove directory and subdirectory /home/runner/work/youtube_podcasts/youtube_podcasts/app/.buildozer/android/app[0m
[0m[1;30m# Create directory /home/runner/work/youtube_podcasts/youtube_podcasts/app/.buildozer/android/app[0m
[0m[1;30m# Copy /home/runner/work/youtube_podcasts/youtube_podcasts/app/intent_filters.xml to /home/runner/work/youtube_podcasts/youtube_podcasts/app/.buildozer/android/app/intent_filters.xml[0m
[0m[1;30m# Copy /home/runner/work/youtube_podcasts/youtube_podcasts/app/main.py to /home/runner/work/youtube_podcasts/youtube_podcasts/app/.buildozer/android/app/main.py[0m
[0m[1;30m# Create directory /home/runner/work/youtube_podcasts/youtube_podcasts/app/.buildozer/android/app/ffmpeg_bin[0m
[0m[1;30m# Copy /home/runner/work/youtube_podcasts/youtube_podcasts/app/ffmpeg_bin/ffmpeg to /home/runner/work/youtube_podcasts/youtube_podcasts/app/.buildozer/android/app/ffmpeg_bin/ffmpeg[0m
[0m[1;30m# copy /home/runner/work/youtube_podcasts/youtube_podcasts/app/.buildozer/applibs to /home/runner/work/youtube_podcasts/youtube_podcasts/app/.buildozer/android/app/_applibs[0m
[0m[1;30m# Copy /opt/hostedtoolcache/Python/3.11.15/x64/lib/python3.11/site-packages/buildozer/sitecustomize.py to /home/runner/work/youtube_podcasts/youtube_podcasts/app/.buildozer/android/app/sitecustomize.py[0m
[0m[1;34m# Package the application[0m
[0m[1;30m# project.properties updated[0m
[0m[1;30m# Run '/opt/hostedtoolcache/Python/3.11.15/x64/bin/python -m pythonforandroid.toolchain apk --bootstrap sdl2 --dist_name ytpodcasts --name YouTube Podcasts --version 3.0.0 --package org.epopeya123.ytpodcasts --minsdk 26 --ndk-api 26 --private /home/runner/work/youtube_podcasts/youtube_podcasts/app/.buildozer/android/app --permission INTERNET --permission READ_MEDIA_AUDIO --permission READ_EXTERNAL_STORAGE --permission WRITE_EXTERNAL_STORAGE --permission MANAGE_EXTERNAL_STORAGE --permission FOREGROUND_SERVICE --permission com.termux.permission.RUN_COMMAND --android-entrypoint org.kivy.android.PythonActivity --android-apptheme @android:style/Theme.NoTitleBar --orientation portrait --window --enable-androidx --intent-filters /home/runner/work/youtube_podcasts/youtube_podcasts/app/intent_filters.xml --allow-backup false --presplash-color #1a1a2e --copy-libs --arch arm64-v8a --color=always --storage-dir=/home/runner/work/youtube_podcasts/youtube_podcasts/app/.buildozer/android/platform/build-arm64-v8a --ndk-api=26 --ignore-setup-py --debug' ...[0m
[0m[1;30m# Cwd /home/runner/work/youtube_podcasts/youtube_podcasts/app/.buildozer/android/platform/python-for-android[0m
Compiling '/home/runner/work/youtube_podcasts/youtube_podcasts/app/.buildozer/android/app/sitecustomize.py'...
Compiling '/home/runner/work/youtube_podcasts/youtube_podcasts/app/.buildozer/android/app/main.py'...
[1m[90m[DEBUG][39m[0m:   Remove directory and subdirectory /tmp/p4a-extra-env-gzzum11j
[1m[90m[DEBUG][39m[0m:   Remove directory and subdirectory src/main/res
[1m[INFO][0m:    Detected highest available build tools version to be 37.0.0
stty: 'standard input': Inappropriate ioctl for device
[1m[90m[DEBUG][39m[0m:   [90m->[0m running gradlew clean assembleDebug[0m
[1m[90m[DEBUG][39m[0m:   	Downloading https://services.gradle.org/distributions/gradle-8.14.3-all.zip
[1m[90m[DEBUG][39m[0m:   	.............................................................................................................................................................................................................................................................................................................................................................................................................................................................................................................................................................................................................................................................................................................................................................................................................................................................................................................................................................................................................................................................................................................................................................................................................................................................................................................................................................................................................................................................................................................................................................................................................................................................................................................................................................................................................................................................................................................................................................................................................................................................................................................................................................................................................................................................................................................................................................................................................................................................................................................................................................................................................................................................................................................................................................................................................................................................................................................................................................................................................................................................................................................................................................................................................................................................................................................................................................................................................................................................................................................................................................................................................................................................................................................................................................................................................................................................................................................................................................................................................................................................................................................................................................................................................................................................................................................................................................................................................................................................................................................................................................................................................................................................................................................................................................................................................................................................................................................................................................................................................................................................................................................................................................................................................................................................................................................................................................................................................................................................................................................................................................................................................................................................................................................................................................................................................................................................................................................................................................................................................................................................................................................................................................................................................................................................................................................................................................................................................................................................................................................................................................................................................................................................................................................................................................................................................................................................................................................................................................................................................................................................................................................................................................................................................................................................................................................................................................................................................................................................................................................................................................................................................................................................................................................................................................................................................................................................................................................................................................................................................................................................................................................................................................................................................................................................................................................................................................................................................................................................................................................................................................................................................................................................................................................................................................................................................................................................................................................................................................................................................................................................................................................................................................................................................................................................................................................................................................................................................................................................................................................................................................................................................................................................................................................................................................................................................................................................................................................................................................................................................................................................................................................................................................................................................................................................................................................................................................................................................................................................................................................................................................................................................................................................................................................................................................................................................................................................................................................................................................................................................................................................................................................................................................................................................................................................................................................................................................................................................................................................................................................................................................................................................................................................................................
[1m[90m[DEBUG][39m[0m:   	Unzipping /home/runner/.gradle/wrapper/dists/gradle-8.14.3-all/h9bud5ffjflfoe91ghcb596uv/gradle-8.14.3-all.zip to /home/runner/.gradle/wrapper/dists/gradle-8.14.3-all/h9bud5ffjflfoe91ghcb596uv
[1m[90m[DEBUG][39m[0m:   	Set executable permissions for: /home/runner/.gradle/wrapper/dists/gradle-8.14.3-all/h9bud5ffjflfoe91ghcb596uv/gradle-8.14.3/bin/gradle
[1m[90m[DEBUG][39m[0m:   	
[1m[90m[DEBUG][39m[0m:   	Welcome to Gradle 8.14.3!
[1m[90m[DEBUG][39m[0m:   	
[1m[90m[DEBUG][39m[0m:   	Here are the highlights of this release:
[1m[90m[DEBUG][39m[0m:   	 - Java 24 support
[1m[90m[DEBUG][39m[0m:   	 - GraalVM Native Image toolchain selection
[1m[90m[DEBUG][39m[0m:   	 - Enhancements to test reporting
[1m[90m[DEBUG][39m[0m:   	 - Build Authoring improvements
[1m[90m[DEBUG][39m[0m:   	
[1m[90m[DEBUG][39m[0m:   	For more details see https://docs.gradle.org/8.14.3/release-notes.html
[1m[90m[DEBUG][39m[0m:   	
[1m[90m[DEBUG][39m[0m:   	Starting a Gradle Daemon (subsequent builds will be faster)
[1m[90m[DEBUG][39m[0m:   	> Task :clean
[1m[90m[DEBUG][39m[0m:   	> Task :preBuild UP-TO-DATE
[1m[90m[DEBUG][39m[0m:   	> Task :preDebugBuild UP-TO-DATE
[1m[90m[DEBUG][39m[0m:   	> Task :mergeDebugNativeDebugMetadata NO-SOURCE
[1m[90m[DEBUG][39m[0m:   	> Task :generateDebugResValues
[1m[90m[DEBUG][39m[0m:   	> Task :checkDebugAarMetadata
[1m[90m[DEBUG][39m[0m:   	> Task :javaPreCompileDebug
[1m[90m[DEBUG][39m[0m:   	> Task :mapDebugSourceSetPaths
[1m[90m[DEBUG][39m[0m:   	> Task :generateDebugResources
[1m[90m[DEBUG][39m[0m:   	> Task :packageDebugResources
[1m[90m[DEBUG][39m[0m:   	> Task :createDebugCompatibleScreenManifests
[1m[90m[DEBUG][39m[0m:   	> Task :extractDeepLinksDebug
[1m[90m[DEBUG][39m[0m:   	> Task :mergeDebugResources
[1m[90m[DEBUG][39m[0m:   	> Task :parseDebugLocalResources
[1m[90m[DEBUG][39m[0m:   	
[1m[90m[DEBUG][39m[0m:   	> Task :processDebugMainManifest
[1m[90m[DEBUG][39m[0m:   	/home/runner/work/youtube_podcasts/youtube_podcasts/app/.buildozer/android/platform/build-arm64-v8a/dists/ytpodcasts/src/main/AndroidManifest.xml:67:18-50 Warning:
[1m[90m[DEBUG][39m[0m:   		android:extractNativeLibs should not be specified in this source AndroidManifest.xml file. See https://d.android.com/guide/topics/manifest/application-element#extractNativeLibs for more information.
[1m[90m[DEBUG][39m[0m:   	The AGP Upgrade Assistant can remove the attribute from the AndroidManifest.xml file and update the build file accordingly. See https://d.android.com/studio/build/agp-upgrade-assistant for more information.
[1m[90m[DEBUG][39m[0m:   	
[1m[90m[DEBUG][39m[0m:   	> Task :processDebugManifest
[1m[90m[DEBUG][39m[0m:   	> Task :mergeDebugShaders
[1m[90m[DEBUG][39m[0m:   	> Task :processDebugManifestForPackage
[1m[90m[DEBUG][39m[0m:   	> Task :compileDebugShaders NO-SOURCE
[1m[90m[DEBUG][39m[0m:   	> Task :generateDebugAssets UP-TO-DATE
[1m[90m[DEBUG][39m[0m:   	> Task :mergeDebugAssets
[1m[90m[DEBUG][39m[0m:   	> Task :processDebugJavaRes NO-SOURCE
[1m[90m[DEBUG][39m[0m:   	> Task :checkDebugDuplicateClasses
[1m[90m[DEBUG][39m[0m:   	> Task :desugarDebugFileDependencies
[1m[90m[DEBUG][39m[0m:   	> Task :mergeExtDexDebug
[1m[90m[DEBUG][39m[0m:   	> Task :mergeLibDexDebug
[1m[90m[DEBUG][39m[0m:   	> Task :processDebugResources
[1m[90m[DEBUG][39m[0m:   	> Task :mergeDebugJavaResource
[1m[90m[DEBUG][39m[0m:   	> Task :mergeDebugJniLibFolders
[1m[90m[DEBUG][39m[0m:   	> Task :compressDebugAssets
[1m[90m[DEBUG][39m[0m:   	
[1m[90m[DEBUG][39m[0m:   	> Task :compileDebugJavaWithJavac
[1m[90m[DEBUG][39m[0m:   	Note: Some input files use or override a deprecated API.
[1m[90m[DEBUG][39m[0m:   	Note: Recompile with -Xlint:deprecation for details.
[1m[90m[DEBUG][39m[0m:   	
[1m[90m[DEBUG][39m[0m:   	> Task :dexBuilderDebug
[1m[90m[DEBUG][39m[0m:   	> Task :mergeProjectDexDebug
[1m[90m[DEBUG][39m[0m:   	> Task :mergeDebugNativeLibs
[1m[90m[DEBUG][39m[0m:   	> Task :validateSigningDebug
[1m[90m[DEBUG][39m[0m:   	> Task :writeDebugAppMetadata
[1m[90m[DEBUG][39m[0m:   	> Task :writeDebugSigningConfigVersions
[1m[90m[DEBUG][39m[0m:   	> Task :stripDebugDebugSymbols
[1m[90m[DEBUG][39m[0m:   	> Task :packageDebug
[1m[90m[DEBUG][39m[0m:   	> Task :createDebugApkListingFileRedirect
[1m[90m[DEBUG][39m[0m:   	> Task :assembleDebug
[1m[90m[DEBUG][39m[0m:   	
[1m[90m[DEBUG][39m[0m:   	[Incubating] Problems report is available at: file:///home/runner/work/youtube_podcasts/youtube_podcasts/app/.buildozer/android/platform/build-arm64-v8a/dists/ytpodcasts/build/reports/problems/problems-report.html
[1m[90m[DEBUG][39m[0m:   	
[1m[90m[DEBUG][39m[0m:   	Deprecated Gradle features were used in this build, making it incompatible with Gradle 9.0.
[1m[90m[DEBUG][39m[0m:   	
[1m[90m[DEBUG][39m[0m:   	You can use '--warning-mode all' to show the individual deprecation warnings and determine if they come from your own scripts or plugins.
[1m[90m[DEBUG][39m[0m:   	
[1m[90m[DEBUG][39m[0m:   	For more on this, please refer to https://docs.gradle.org/8.14.3/userguide/command_line_interface.html#sec:command_line_warnings in the Gradle documentation.
[1m[90m[DEBUG][39m[0m:   	
[1m[90m[DEBUG][39m[0m:   	BUILD SUCCESSFUL in 46s
[1m[90m[DEBUG][39m[0m:   	34 actionable tasks: 34 executed
[1m[INFO][0m:    [36m<- directory context /home/runner/work/youtube_podcasts/youtube_podcasts/app/.buildozer/android/platform/python-for-android[39m
[1m[90m[DEBUG][39m[0m:   All possible dists: [<Distribution: name ytpodcasts with recipes (hostpython3, libffi, openssl, sdl2_image, sdl2_mixer, sdl2_ttf, sqlite3, python3, sdl2, pyjnius, setuptools, android, kivy, idna, urllib3, certifi, requests, filetype, chardet, kivymd, six)>]
[1m[90m[DEBUG][39m[0m:   Dist matching name and arch: [<Distribution: name ytpodcasts with recipes (hostpython3, libffi, openssl, sdl2_image, sdl2_mixer, sdl2_ttf, sqlite3, python3, sdl2, pyjnius, setuptools, android, kivy, idna, urllib3, certifi, requests, filetype, chardet, kivymd, six)>]
[1m[90m[DEBUG][39m[0m:   Dist matching ndk_api and recipe: [<Distribution: name ytpodcasts with recipes (hostpython3, libffi, openssl, sdl2_image, sdl2_mixer, sdl2_ttf, sqlite3, python3, sdl2, pyjnius, setuptools, android, kivy, idna, urllib3, certifi, requests, filetype, chardet, kivymd, six)>]
[1m[INFO][0m:    Of the existing distributions, the following meet the given requirements:
[1m[INFO][0m:    	[32m[1mytpodcasts[0m: min API 26, includes recipes ([32mhostpython3, libffi, openssl, sdl2_image, sdl2_mixer, sdl2_ttf, sqlite3, python3, sdl2, pyjnius, setuptools, android, kivy, idna, urllib3, certifi, requests, filetype, chardet, kivymd, six[0m), built for archs ([34marm64-v8a[0m)
[1m[INFO][0m:    [1m[94mytpodcasts has compatible recipes, using this one[0m
[1m[INFO][0m:    [1m[32m# Copying android package to current directory[0m[39m
[1m[INFO][0m:    [1m[32m# Android package filename not found in build output. Guessing...[0m[39m
[1m[INFO][0m:    [1m[32m# Found android package file: /home/runner/work/youtube_podcasts/youtube_podcasts/app/.buildozer/android/platform/build-arm64-v8a/dists/ytpodcasts/build/outputs/apk/debug/ytpodcasts-debug.apk[0m[39m
[1m[INFO][0m:    # Add version number to android package
[1m[INFO][0m:    # Android package renamed to ytpodcasts-debug-3.0.0.apk
stty: 'standard input': Inappropriate ioctl for device
[1m[90m[DEBUG][39m[0m:   [90m->[0m running cp /home/runner/work/youtube_podcasts/youtube_podcasts/app/.buildozer/android/platform/build-arm64-v8a/dists/ytpodcasts/build/outputs/apk/debug/ytpodcasts-debug.apk ytpodcasts-debug-3.0.0.apk[0m
No setup.py/pyproject.toml used, copying full private data into .apk.
Applying Java source code patches...
Applying patch: src/patches/SDLSurface.java.patch
Warning: failed to apply patch (exit code 1), assuming it is already applied:  src/patches/SDLSurface.java.patch
Applying patch: src/patches/SDLActivity.java.patch
Warning: failed to apply patch (exit code 1), assuming it is already applied:  src/patches/SDLActivity.java.patch
[0m[1;30m# Copy /home/runner/work/youtube_podcasts/youtube_podcasts/app/.buildozer/android/platform/build-arm64-v8a/dists/ytpodcasts/build/outputs/apk/debug/ytpodcasts-debug.apk to /home/runner/work/youtube_podcasts/youtube_podcasts/app/bin/ytpodcasts-3.0.0-arm64-v8a-debug.apk[0m
[0m[1;34m# Android packaging done![0m
[0m[1;34m# APK ytpodcasts-3.0.0-arm64-v8a-debug.apk available in the bin directory[0m
